wsl : w s l :   纇Km0R  l o c a l h o s t   鉔tM憂FO*g\曄P0R  W S L 0N A T   !j_N剉  W S
 L   
所在位置 行:1 字符: 1
+ wsl sshpass -p 'zyc.2392018' ssh -o StrictHostKeyChecking=no root@129 ...
+ ~~~~~~~~~~~~~~~~~~~~~~~~~~~~~~~~~~~~~~~~~~~~~~~~~~~~~~~~~~~~~~~~~~~~~
    + CategoryInfo          : NotSpecified: (w s l :   纇Km0R..._N剉  W S L   :String) [] 
   , RemoteException
    + FullyQualifiedErrorId : NativeCommandError
 
N/ec  l o c a l h o s t   鉔t0
 

> agentrix-backend@7.0.0 build
> bash build.sh || (rm -rf dist && npx tsc -p tsconfig.json && npm run build:verify)

馃敤 寮€濮嬫瀯寤?Agentrix Backend...

馃Ч 娓呯悊鏃х殑鏋勫缓鏂囦欢...
馃摝 灏濊瘯浣跨敤 nest build...

> agentrix-backend@7.0.0 build:nest
> nest build

[96msrc/modules/order/order.controller.ts[0m:[93m20[0m:[93m38[0m - [91merror[0m[90m TS2307: [0mCannot find module '../auth/guards/optional-jwt-auth.guard' or its corresponding type declarations.

[7m20[0m import { OptionalJwtAuthGuard } from '../auth/guards/optional-jwt-auth.guard';
[7m  [0m [91m                                     ~~~~~~~~~~~~~~~~~~~~~~~~~~~~~~~~~~~~~~~~[0m
[96msrc/modules/payment/payment.controller.ts[0m:[93m22[0m:[93m38[0m - [91merror[0m[90m TS2307: [0mCannot find module '../auth/guards/optional-jwt-auth.guard' or its corresponding type declarations.

[7m22[0m import { OptionalJwtAuthGuard } from '../auth/guards/optional-jwt-auth.guard';
[7m  [0m [91m                                     ~~~~~~~~~~~~~~~~~~~~~~~~~~~~~~~~~~~~~~~~[0m
[96msrc/modules/payment/payment.service.ts[0m:[93m874[0m:[93m7[0m - [91merror[0m[90m TS2345: [0mArgument of type '{ eligible: boolean; hasAuth: boolean; withinLimit: boolean; isSmallAmount: boolean; authorization?: any; } | { eligible: boolean; }' is not assignable to parameter of type '{ eligible: boolean; hasAuth: boolean; withinLimit: boolean; isSmallAmount: boolean; authorization?: any; }'.
  Type '{ eligible: boolean; }' is missing the following properties from type '{ eligible: boolean; hasAuth: boolean; withinLimit: boolean; isSmallAmount: boolean; authorization?: any; }': hasAuth, withinLimit, isSmallAmount

[7m874[0m       quickPayCheck,
[7m   [0m [91m      ~~~~~~~~~~~~~[0m
[96msrc/modules/payment/payment.service.ts[0m:[93m885[0m:[93m32[0m - [91merror[0m[90m TS2339: [0mProperty 'hasAuth' does not exist on type '{ eligible: boolean; hasAuth: boolean; withinLimit: boolean; isSmallAmount: boolean; authorization?: any; } | { eligible: boolean; }'.
  Property 'hasAuth' does not exist on type '{ eligible: boolean; }'.

[7m885[0m         hasAuth: quickPayCheck.hasAuth,
[7m   [0m [91m                               ~~~~~~~[0m
[96msrc/modules/payment/payment.service.ts[0m:[93m886[0m:[93m36[0m - [91merror[0m[90m TS2339: [0mProperty 'withinLimit' does not exist on type '{ eligible: boolean; hasAuth: boolean; withinLimit: boolean; isSmallAmount: boolean; authorization?: any; } | { eligible: boolean; }'.
  Property 'withinLimit' does not exist on type '{ eligible: boolean; }'.

[7m886[0m         withinLimit: quickPayCheck.withinLimit,
[7m   [0m [91m                                   ~~~~~~~~~~~[0m
[96msrc/modules/payment/payment.service.ts[0m:[93m887[0m:[93m38[0m - [91merror[0m[90m TS2339: [0mProperty 'isSmallAmount' does not exist on type '{ eligible: boolean; hasAuth: boolean; withinLimit: boolean; isSmallAmount: boolean; authorization?: any; } | { eligible: boolean; }'.
  Property 'isSmallAmount' does not exist on type '{ eligible: boolean; }'.

[7m887[0m         isSmallAmount: quickPayCheck.isSmallAmount,
[7m   [0m [91m                                     ~~~~~~~~~~~~~[0m
[96msrc/modules/payment/payment.service.ts[0m:[93m888[0m:[93m38[0m - [91merror[0m[90m TS2339: [0mProperty 'authorization' does not exist on type '{ eligible: boolean; hasAuth: boolean; withinLimit: boolean; isSmallAmount: boolean; authorization?: any; } | { eligible: boolean; }'.
  Property 'authorization' does not exist on type '{ eligible: boolean; }'.

[7m888[0m         authorization: quickPayCheck.authorization,
[7m   [0m [91m                                     ~~~~~~~~~~~~~[0m

Found 7 error(s).

鈿狅笍  nest build 澶辫触锛屽皾璇曚娇鐢?tsc 鐩存帴缂栬瘧...
馃摝 浣跨敤 TypeScript 缂栬瘧鍣ㄧ洿鎺ョ紪璇?..
src/modules/order/order.controller.ts(20,38): error TS2307: Cannot find module '../auth/guards/optional-jwt-auth.guard' or its corresponding type declarations.
src/modules/payment/payment.controller.ts(22,38): error TS2307: Cannot find module '../auth/guards/optional-jwt-auth.guard' or its corresponding type declarations.
src/modules/payment/payment.service.ts(874,7): error TS2345: Argument of type '{ eligible: boolean; hasAuth: boolean; withinLimit: boolean; isSmallAmount: boolean; authorization?: any; } | { eligible: boolean; }' is not assignable to parameter of type '{ eligible: boolean; hasAuth: boolean; withinLimit: boolean; isSmallAmount: boolean; authorization?: any; }'.
  Type '{ eligible: boolean; }' is missing the following properties from type '{ eligible: boolean; hasAuth: boolean; withinLimit: boolean; isSmallAmount: boolean; authorization?: any; }': hasAuth, withinLimit, isSmallAmount
src/modules/payment/payment.service.ts(885,32): error TS2339: Property 'hasAuth' does not exist on type '{ eligible: boolean; hasAuth: boolean; withinLimit: boolean; isSmallAmount: boolean; authorization?: any; } | { eligible: boolean; }'.
  Property 'hasAuth' does not exist on type '{ eligible: boolean; }'.
src/modules/payment/payment.service.ts(886,36): error TS2339: Property 'withinLimit' does not exist on type '{ eligible: boolean; hasAuth: boolean; withinLimit: boolean; isSmallAmount: boolean; authorization?: any; } | { eligible: boolean; }'.
  Property 'withinLimit' does not exist on type '{ eligible: boolean; }'.
src/modules/payment/payment.service.ts(887,38): error TS2339: Property 'isSmallAmount' does not exist on type '{ eligible: boolean; hasAuth: boolean; withinLimit: boolean; isSmallAmount: boolean; authorization?: any; } | { eligible: boolean; }'.
  Property 'isSmallAmount' does not exist on type '{ eligible: boolean; }'.
src/modules/payment/payment.service.ts(888,38): error TS2339: Property 'authorization' does not exist on type '{ eligible: boolean; hasAuth: boolean; withinLimit: boolean; isSmallAmount: boolean; authorization?: any; } | { eligible: boolean; }'.
  Property 'authorization' does not exist on type '{ eligible: boolean; }'.
src/modules/order/order.controller.ts(20,38): error TS2307: Cannot find module '../auth/guards/optional-jwt-auth.guard' or its corresponding type declarations.
src/modules/payment/payment.controller.ts(22,38): error TS2307: Cannot find module '../auth/guards/optional-jwt-auth.guard' or its corresponding type declarations.
src/modules/payment/payment.service.ts(874,7): error TS2345: Argument of type '{ eligible: boolean; hasAuth: boolean; withinLimit: boolean; isSmallAmount: boolean; authorization?: any; } | { eligible: boolean; }' is not assignable to parameter of type '{ eligible: boolean; hasAuth: boolean; withinLimit: boolean; isSmallAmount: boolean; authorization?: any; }'.
  Type '{ eligible: boolean; }' is missing the following properties from type '{ eligible: boolean; hasAuth: boolean; withinLimit: boolean; isSmallAmount: boolean; authorization?: any; }': hasAuth, withinLimit, isSmallAmount
src/modules/payment/payment.service.ts(885,32): error TS2339: Property 'hasAuth' does not exist on type '{ eligible: boolean; hasAuth: boolean; withinLimit: boolean; isSmallAmount: boolean; authorization?: any; } | { eligible: boolean; }'.
  Property 'hasAuth' does not exist on type '{ eligible: boolean; }'.
src/modules/payment/payment.service.ts(886,36): error TS2339: Property 'withinLimit' does not exist on type '{ eligible: boolean; hasAuth: boolean; withinLimit: boolean; isSmallAmount: boolean; authorization?: any; } | { eligible: boolean; }'.
  Property 'withinLimit' does not exist on type '{ eligible: boolean; }'.
src/modules/payment/payment.service.ts(887,38): error TS2339: Property 'isSmallAmount' does not exist on type '{ eligible: boolean; hasAuth: boolean; withinLimit: boolean; isSmallAmount: boolean; authorization?: any; } | { eligible: boolean; }'.
  Property 'isSmallAmount' does not exist on type '{ eligible: boolean; }'.
src/modules/payment/payment.service.ts(888,38): error TS2339: Property 'authorization' does not exist on type '{ eligible: boolean; hasAuth: boolean; withinLimit: boolean; isSmallAmount: boolean; authorization?: any; } | { eligible: boolean; }'.
  Property 'authorization' does not exist on type '{ eligible: boolean; }'.
 
